// Jest Snapshot v1, https://goo.gl/fbAQLP

exports[`TruckInfo TruckInfo should match snap shot 1`] = `
<section
  className="truck-info-container"
>
  <article>
    <div
      className="picture"
    >
      picture of the truck
    </div>
    <div
      className="info"
    >
      <a
        href="undefined"
      />
    </div>
    <div
      className="description"
    >
      <h2 />
      <p />
    </div>
    <div
      className="menu"
    >
      <h2>
        Menu
      </h2>
    </div>
  </article>
</section>
`;
