// Jest Snapshot v1, https://goo.gl/fbAQLP

exports[`TruckInfo TruckInfo should match snap shot 1`] = `
<section
  className="truck-info-container"
>
  <article>
    <div
      className="picture"
    >
      picture of the truck
    </div>
    <div
      className="info"
    >
      truck type like cuisine rating
    </div>
    <div
      className="description"
    >
      truck description
    </div>
    <div
      className="menu"
    >
      menu
    </div>
  </article>
</section>
`;
