// Jest Snapshot v1, https://goo.gl/fbAQLP

exports[`Header should match snap shot 1`] = `
<header>
  <Link
    className="header"
    to="/"
  >
    <div>
      <h1>
        Foodie
      </h1>
      <img
        alt="header"
        src="title-truck.png"
      />
      <h1>
        Wheels
      </h1>
    </div>
  </Link>
</header>
`;
