// Jest Snapshot v1, https://goo.gl/fbAQLP

exports[`Map Map should match snap shot 1`] = `
<Map
  center={Array []}
  className="map"
  zoom="15"
>
  <ForwardRef(Leaflet(TileLayer))
    attribution="<a href=\\"https://wikimediafoundation.org/wiki/Maps_Terms_of_Use\\">Wikimedia</a>"
    url="https://maps.wikimedia.org/osm-intl/{z}/{x}/{y}{r}.png"
  />
  <ForwardRef(Leaflet(Marker))
    position={Array []}
  >
    <ForwardRef(Leaflet(Popup))>
      your current position
    </ForwardRef(Leaflet(Popup))>
  </ForwardRef(Leaflet(Marker))>
</Map>
`;
