// Jest Snapshot v1, https://goo.gl/fbAQLP

exports[`OptionsTab OptionsTab should match snap shot 1`] = `
<form
  className="option-tab"
  style={
    Object {
      "left": "-22%",
    }
  }
>
  <div
    className="open-button"
    onClick={[Function]}
    style={
      Object {
        "transform": "rotate(0deg)",
      }
    }
  />
  <h2>
    Settings
  </h2>
  <section
    className="location"
  >
    <h3>
      Location
    </h3>
    <input
      className="location"
      onChange={[Function]}
      value=""
    />
  </section>
  <section>
    <h3>
      Distance
    </h3>
    <div
      className="select"
    >
      <select
        className="distance"
        onChange={[Function]}
      >
        <option
          value="1"
        >
          1 mile
        </option>
        <option
          value="5"
        >
          5 mile
        </option>
        <option
          value="10"
        >
          10 mile
        </option>
        <option
          value="25"
        >
          25 mile
        </option>
      </select>
    </div>
  </section>
  <button
    className="submit"
    onClick={[Function]}
  >
    submit
  </button>
</form>
`;
